To honour the JVM settings for this build a single-use Daemon process will be forked. For more on this, please refer to https://docs.gradle.org/8.9/userguide/gradle_daemon.html#sec:disabling_the_daemon in the Gradle documentation.
Daemon will be stopped at the end of the build 
> Task :app:preBuild UP-TO-DATE
> Task :app:preDebugBuild UP-TO-DATE
> Task :app:mergeDebugNativeDebugMetadata NO-SOURCE
> Task :app:generateDebugBuildConfig FROM-CACHE
> Task :app:javaPreCompileDebug FROM-CACHE
> Task :app:generateDebugResValues FROM-CACHE
> Task :app:checkDebugAarMetadata
> Task :app:mapDebugSourceSetPaths
> Task :app:generateDebugResources FROM-CACHE
> Task :app:mergeDebugResources FROM-CACHE
> Task :app:packageDebugResources FROM-CACHE
> Task :app:parseDebugLocalResources FROM-CACHE
> Task :app:createDebugCompatibleScreenManifests
> Task :app:extractDeepLinksDebug FROM-CACHE
> Task :app:processDebugMainManifest FROM-CACHE
> Task :app:processDebugManifest FROM-CACHE
> Task :app:processDebugManifestForPackage FROM-CACHE
> Task :app:processDebugResources FROM-CACHE
> Task :app:compileDebugJavaWithJavac FROM-CACHE
> Task :app:mergeDebugShaders FROM-CACHE
> Task :app:compileDebugShaders NO-SOURCE
> Task :app:generateDebugAssets UP-TO-DATE
> Task :app:mergeDebugAssets FROM-CACHE
> Task :app:compressDebugAssets FROM-CACHE
> Task :app:processDebugJavaRes NO-SOURCE
> Task :app:desugarDebugFileDependencies FROM-CACHE
> Task :app:dexBuilderDebug FROM-CACHE
> Task :app:mergeDebugJniLibFolders FROM-CACHE
> Task :app:checkDebugDuplicateClasses
> Task :app:mergeDebugNativeLibs
> Task :app:mergeExtDexDebug FROM-CACHE
> Task :app:mergeLibDexDebug FROM-CACHE
> Task :app:mergeProjectDexDebug FROM-CACHE

> Task :app:stripDebugDebugSymbols
Unable to strip the following libraries, packaging them as they are: libimage_processing_util_jni.so.

> Task :app:validateSigningDebug
> Task :app:writeDebugAppMetadata
> Task :app:writeDebugSigningConfigVersions
> Task :app:mergeDebugJavaResource
> Task :app:packageDebug
> Task :app:createDebugApkListingFileRedirect
> Task :app:assembleDebug

BUILD SUCCESSFUL in 17s
34 actionable tasks: 12 executed, 22 from cache
