Starting a Gradle Daemon, 1 busy Daemon could not be reused, use --status for details

> Configure project :app
Using release signing key: upload_release.keystore with alias: aura

> Task :app:preBuild UP-TO-DATE
> Task :app:preDebugBuild UP-TO-DATE
> Task :app:generateDebugBuildConfig UP-TO-DATE
> Task :app:generateDebugResources UP-TO-DATE
> Task :app:packageDebugResources UP-TO-DATE
> Task :app:processDebugNavigationResources UP-TO-DATE
> Task :app:parseDebugLocalResources UP-TO-DATE
> Task :app:generateDebugRFile UP-TO-DATE
> Task :app:kspDebugKotlin UP-TO-DATE
> Task :app:compileDebugKotlin
w: file:///app/applet/app/src/main/java/com/example/AuraLearningApp.kt:65:85 'val Icons.Filled.MenuBook: ImageVector' is deprecated. Use the AutoMirrored version at Icons.AutoMirrored.Filled.MenuBook.
w: file:///app/applet/app/src/main/java/com/example/AuraLearningApp.kt:68:60 'val Icons.Filled.Chat: ImageVector' is deprecated. Use the AutoMirrored version at Icons.AutoMirrored.Filled.Chat.
w: file:///app/applet/app/src/main/java/com/example/data/local/PlannerDatabase.kt:38:18 'fun fallbackToDestructiveMigration(): RoomDatabase.Builder<PlannerDatabase>' is deprecated. Replace by overloaded version with parameter to indicate if all tables should be dropped or not.
w: file:///app/applet/app/src/main/java/com/example/ui/admin/AdminEditQuestionPaperScreen.kt:101:68 'fun Modifier.menuAnchor(): Modifier' is deprecated. Use overload that takes MenuAnchorType and enabled parameters.
w: file:///app/applet/app/src/main/java/com/example/ui/admin/AdminEditWebsiteScreen.kt:88:43 'val Icons.Filled.ArrowBack: ImageVector' is deprecated. Use the AutoMirrored version at Icons.AutoMirrored.Filled.ArrowBack.
w: file:///app/applet/app/src/main/java/com/example/ui/admin/AdminFeedbackAnalyticsScreen.kt:123:52 'val Icons.Filled.TrendingUp: ImageVector' is deprecated. Use the AutoMirrored version at Icons.AutoMirrored.Filled.TrendingUp.
w: file:///app/applet/app/src/main/java/com/example/ui/admin/AdminFeedbackManagementScreen.kt:272:17 'fun Divider(modifier: Modifier = ..., thickness: Dp = ..., color: Color = ...): Unit' is deprecated. Renamed to HorizontalDivider.
w: file:///app/applet/app/src/main/java/com/example/ui/admin/AdminManageSectionsScreen.kt:65:44 'val Icons.Filled.ArrowBack: ImageVector' is deprecated. Use the AutoMirrored version at Icons.AutoMirrored.Filled.ArrowBack.
w: file:///app/applet/app/src/main/java/com/example/ui/admin/AdminNotificationsScreen.kt:261:43 'val Icons.Filled.Send: ImageVector' is deprecated. Use the AutoMirrored version at Icons.AutoMirrored.Filled.Send.
w: file:///app/applet/app/src/main/java/com/example/ui/admin/AdminQuestionPaperUploadScreen.kt:109:64 'fun Modifier.menuAnchor(): Modifier' is deprecated. Use overload that takes MenuAnchorType and enabled parameters.
w: file:///app/applet/app/src/main/java/com/example/ui/admin/AdminUserProfileScreen.kt:423:92 'val Icons.Filled.TrendingUp: ImageVector' is deprecated. Use the AutoMirrored version at Icons.AutoMirrored.Filled.TrendingUp.
w: file:///app/applet/app/src/main/java/com/example/ui/admin/AdminWebsiteUploadScreen.kt:55:43 'val Icons.Filled.ArrowBack: ImageVector' is deprecated. Use the AutoMirrored version at Icons.AutoMirrored.Filled.ArrowBack.
w: file:///app/applet/app/src/main/java/com/example/ui/books/BookDetailScreen.kt:409:64 'val Icons.Filled.InsertDriveFile: ImageVector' is deprecated. Use the AutoMirrored version at Icons.AutoMirrored.Filled.InsertDriveFile.
w: file:///app/applet/app/src/main/java/com/example/ui/books/BookDetailScreen.kt:488:61 'val Icons.Filled.MenuBook: ImageVector' is deprecated. Use the AutoMirrored version at Icons.AutoMirrored.Filled.MenuBook.
w: file:///app/applet/app/src/main/java/com/example/ui/books/BookSummaryScreen.kt:323:45 'val Icons.Filled.List: ImageVector' is deprecated. Use the AutoMirrored version at Icons.AutoMirrored.Filled.List.
w: file:///app/applet/app/src/main/java/com/example/ui/books/BookSummaryScreen.kt:337:45 'val Icons.Filled.MenuBook: ImageVector' is deprecated. Use the AutoMirrored version at Icons.AutoMirrored.Filled.MenuBook.
w: file:///app/applet/app/src/main/java/com/example/ui/books/PdfViewerScreen.kt:598:33 'fun Divider(modifier: Modifier = ..., thickness: Dp = ..., color: Color = ...): Unit' is deprecated. Renamed to HorizontalDivider.
w: file:///app/applet/app/src/main/java/com/example/ui/books/PdfViewerScreen.kt:615:55 'val Icons.Outlined.Notes: ImageVector' is deprecated. Use the AutoMirrored version at Icons.AutoMirrored.Outlined.Notes.
w: file:///app/applet/app/src/main/java/com/example/ui/chat/ChatListScreen.kt:311:63 'val Icons.Filled.Chat: ImageVector' is deprecated. Use the AutoMirrored version at Icons.AutoMirrored.Filled.Chat.
w: file:///app/applet/app/src/main/java/com/example/ui/chat/ChatRoomScreen.kt:460:67 'val Icons.Filled.Reply: ImageVector' is deprecated. Use the AutoMirrored version at Icons.AutoMirrored.Filled.Reply.
w: file:///app/applet/app/src/main/java/com/example/ui/chat/ChatRoomScreen.kt:635:56 'val Icons.Filled.InsertDriveFile: ImageVector' is deprecated. Use the AutoMirrored version at Icons.AutoMirrored.Filled.InsertDriveFile.
w: file:///app/applet/app/src/main/java/com/example/ui/chat/PuterChatScreen.kt:105:33 'var databaseEnabled: Boolean' is deprecated. Deprecated in Java.
w: file:///app/applet/app/src/main/java/com/example/ui/feedback/FeedbackScreen.kt:382:36 'val Icons.Filled.OpenInNew: ImageVector' is deprecated. Use the AutoMirrored version at Icons.AutoMirrored.Filled.OpenInNew.
w: file:///app/applet/app/src/main/java/com/example/ui/feedback/FeedbackScreen.kt:393:43 'val Icons.Filled.TrendingUp: ImageVector' is deprecated. Use the AutoMirrored version at Icons.AutoMirrored.Filled.TrendingUp.
w: file:///app/applet/app/src/main/java/com/example/ui/feedback/FeedbackScreen.kt:495:37 'fun Modifier.menuAnchor(): Modifier' is deprecated. Use overload that takes MenuAnchorType and enabled parameters.
w: file:///app/applet/app/src/main/java/com/example/ui/home/HomeScreen.kt:541:62 'val Icons.Filled.Assignment: ImageVector' is deprecated. Use the AutoMirrored version at Icons.AutoMirrored.Filled.Assignment.
w: file:///app/applet/app/src/main/java/com/example/ui/home/ResourcesScreen.kt:85:43 'val Icons.Filled.ArrowBack: ImageVector' is deprecated. Use the AutoMirrored version at Icons.AutoMirrored.Filled.ArrowBack.
w: file:///app/applet/app/src/main/java/com/example/ui/notifications/NotificationSettingsScreen.kt:254:49 'val Icons.Filled.VolumeUp: ImageVector' is deprecated. Use the AutoMirrored version at Icons.AutoMirrored.Filled.VolumeUp.
w: file:///app/applet/app/src/main/java/com/example/ui/pdf/screens/ImageToPdfScreen.kt:64:41 'static fun getBitmap(p0: ContentResolver!, p1: Uri!): Bitmap!' is deprecated. Deprecated in Java.
w: file:///app/applet/app/src/main/java/com/example/ui/pdf/screens/PdfToolScreen.kt:81:47 'val Icons.Filled.ArrowBack: ImageVector' is deprecated. Use the AutoMirrored version at Icons.AutoMirrored.Filled.ArrowBack.
w: file:///app/applet/app/src/main/java/com/example/ui/pdf/screens/PdfToolScreen.kt:288:44 'val Icons.Filled.LibraryBooks: ImageVector' is deprecated. Use the AutoMirrored version at Icons.AutoMirrored.Filled.LibraryBooks.
w: file:///app/applet/app/src/main/java/com/example/ui/pdfmanager/HorizontalPdfReader.kt:123:74 Unchecked cast of 'NoteTakingViewModel' to 'T (of fun <T : ViewModel> create)'.
w: file:///app/applet/app/src/main/java/com/example/ui/search/UserSearchScreen.kt:225:36 'val Icons.Filled.Chat: ImageVector' is deprecated. Use the AutoMirrored version at Icons.AutoMirrored.Filled.Chat.
w: file:///app/applet/app/src/main/java/com/example/ui/study/ExamCountdownScreen.kt:221:56 'val Icons.Filled.EventNote: ImageVector' is deprecated. Use the AutoMirrored version at Icons.AutoMirrored.Filled.EventNote.
w: file:///app/applet/app/src/main/java/com/example/ui/study/ExamCountdownScreen.kt:316:68 'val Icons.Filled.MenuBook: ImageVector' is deprecated. Use the AutoMirrored version at Icons.AutoMirrored.Filled.MenuBook.
w: file:///app/applet/app/src/main/java/com/example/ui/study/ExamCountdownScreen.kt:459:59 'val Icons.Filled.MenuBook: ImageVector' is deprecated. Use the AutoMirrored version at Icons.AutoMirrored.Filled.MenuBook.
w: file:///app/applet/app/src/main/java/com/example/ui/study/ResultAnalysisScreen.kt:1442:39 'val Icons.Filled.EventNote: ImageVector' is deprecated. Use the AutoMirrored version at Icons.AutoMirrored.Filled.EventNote.
w: file:///app/applet/app/src/main/java/com/example/ui/study/ResultAnalysisScreen.kt:1487:43 'val Icons.Filled.TrendingUp: ImageVector' is deprecated. Use the AutoMirrored version at Icons.AutoMirrored.Filled.TrendingUp.
w: file:///app/applet/app/src/main/java/com/example/ui/study/ToolsScreen.kt:120:56 'val Icons.Filled.ArrowBack: ImageVector' is deprecated. Use the AutoMirrored version at Icons.AutoMirrored.Filled.ArrowBack.
w: file:///app/applet/app/src/main/java/com/example/ui/study/ToolsScreen.kt:258:44 'val Icons.Filled.ArrowForward: ImageVector' is deprecated. Use the AutoMirrored version at Icons.AutoMirrored.Filled.ArrowForward.
w: file:///app/applet/app/src/main/java/com/example/ui/study/calculator/CalculatorViewModel.kt:41:10 This declaration needs opt-in. Its usage should be marked with '@kotlinx.coroutines.ExperimentalCoroutinesApi' or '@OptIn(kotlinx.coroutines.ExperimentalCoroutinesApi::class)'
w: file:///app/applet/app/src/main/java/com/example/ui/study/calculator/ScientificCalculatorScreen.kt:104:47 'val Icons.Filled.Undo: ImageVector' is deprecated. Use the AutoMirrored version at Icons.AutoMirrored.Filled.Undo.
w: file:///app/applet/app/src/main/java/com/example/ui/study/calculator/ScientificCalculatorScreen.kt:111:47 'val Icons.Filled.Redo: ImageVector' is deprecated. Use the AutoMirrored version at Icons.AutoMirrored.Filled.Redo.
w: file:///app/applet/app/src/main/java/com/example/ui/study/map/MapAgentScreen.kt:64:43 'val Icons.Filled.ArrowBack: ImageVector' is deprecated. Use the AutoMirrored version at Icons.AutoMirrored.Filled.ArrowBack.
w: file:///app/applet/app/src/main/java/com/example/ui/study/map/MapAgentScreen.kt:110:39 'val Icons.Filled.Send: ImageVector' is deprecated. Use the AutoMirrored version at Icons.AutoMirrored.Filled.Send.
w: file:///app/applet/app/src/main/java/com/example/ui/study/websitereader/WebsiteReaderScreen.kt:230:48 'val Icons.Filled.ArrowForward: ImageVector' is deprecated. Use the AutoMirrored version at Icons.AutoMirrored.Filled.ArrowForward.
w: file:///app/applet/app/src/main/java/com/example/ui/study/websitereader/WebsiteReaderScreen.kt:323:57 'val Icons.Filled.MenuBook: ImageVector' is deprecated. Use the AutoMirrored version at Icons.AutoMirrored.Filled.MenuBook.
w: file:///app/applet/app/src/main/java/com/example/ui/study/websitereader/WebsiteReaderScreen.kt:612:58 'val Icons.Filled.Subject: ImageVector' is deprecated. Use the AutoMirrored version at Icons.AutoMirrored.Filled.Subject.
w: file:///app/applet/app/src/main/java/com/example/ui/study/websitereader/WebsiteReaderScreen.kt:614:61 'val Icons.Filled.List: ImageVector' is deprecated. Use the AutoMirrored version at Icons.AutoMirrored.Filled.List.
w: file:///app/applet/app/src/main/java/com/example/ui/study/websitereader/WebsiteReaderScreen.kt:615:49 'val Icons.Filled.HelpOutline: ImageVector' is deprecated. Use the AutoMirrored version at Icons.AutoMirrored.Filled.HelpOutline.
w: file:///app/applet/app/src/main/java/com/example/ui/study/websitereader/WebsiteReaderScreen.kt:616:54 'val Icons.Filled.FactCheck: ImageVector' is deprecated. Use the AutoMirrored version at Icons.AutoMirrored.Filled.FactCheck.
w: file:///app/applet/app/src/main/java/com/example/ui/study/websitereader/WebsiteReaderScreen.kt:619:56 'val Icons.Filled.Notes: ImageVector' is deprecated. Use the AutoMirrored version at Icons.AutoMirrored.Filled.Notes.
w: file:///app/applet/app/src/main/java/com/example/ui/study/websitereader/WebsiteReaderScreen.kt:654:21 'fun Divider(modifier: Modifier = ..., thickness: Dp = ..., color: Color = ...): Unit' is deprecated. Renamed to HorizontalDivider.
w: file:///app/applet/app/src/main/java/com/example/ui/study/websitereader/WebsiteReaderScreen.kt:1005:52 'val Icons.Filled.Launch: ImageVector' is deprecated. Use the AutoMirrored version at Icons.AutoMirrored.Filled.Launch.
w: file:///app/applet/app/src/main/java/com/example/ui/study/websitereader/WebsiteReaderViewModel.kt:98:10 This declaration needs opt-in. Its usage should be marked with '@kotlinx.coroutines.ExperimentalCoroutinesApi' or '@OptIn(kotlinx.coroutines.ExperimentalCoroutinesApi::class)'
w: file:///app/applet/app/src/main/java/com/example/ui/videos/VideoDetailsScreen.kt:105:74 Unchecked cast of 'NoteTakingViewModel' to 'T (of fun <T : ViewModel> create)'.
w: file:///app/applet/app/src/main/java/com/example/ui/videos/VideoPlayerScreen.kt:65:74 Unchecked cast of 'NoteTakingViewModel' to 'T (of fun <T : ViewModel> create)'.
w: file:///app/applet/app/src/main/java/com/example/utils/HapticHelper.kt:38:61 'static field VIBRATOR_SERVICE: String' is deprecated. Deprecated in Java.
w: Detected multiple Kotlin daemon sessions at 

BUILD SUCCESSFUL in 2m 9s
8 actionable tasks: 1 executed, 7 up-to-date
